nohup: ignoring input
Opening BHISTcmip6_LE2-1251.001_ETos_daily.nc
Opening BHISTcmip6_LE2-1251.002_ETos_daily.nc
Opening BHISTcmip6_LE2-1251.003_ETos_daily.nc
Opening BHISTcmip6_LE2-1251.004_ETos_daily.nc
Opening BHISTcmip6_LE2-1251.005_ETos_daily.nc
Opening BHISTcmip6_LE2-1251.006_ETos_daily.nc
Opening BHISTcmip6_LE2-1251.007_ETos_daily.nc
Opening BHISTcmip6_LE2-1251.008_ETos_daily.nc
Opening BHISTcmip6_LE2-1251.009_ETos_daily.nc
Opening BHISTcmip6_LE2-1251.010_ETos_daily.nc
Opening BHISTsmbb_LE2-1251.011_ETos_daily.nc
Opening BHISTsmbb_LE2-1251.012_ETos_daily.nc
Opening BHISTsmbb_LE2-1251.013_ETos_daily.nc
Opening BHISTsmbb_LE2-1251.014_ETos_daily.nc
Opening BHISTsmbb_LE2-1251.015_ETos_daily.nc
Opening BHISTsmbb_LE2-1251.016_ETos_daily.nc
Opening BHISTsmbb_LE2-1251.017_ETos_daily.nc
Opening BHISTsmbb_LE2-1251.018_ETos_daily.nc
Opening BHISTsmbb_LE2-1251.019_ETos_daily.nc
Opening BHISTsmbb_LE2-1251.020_ETos_daily.nc

Loaded 20 datasets.
<xarray.DataArray 'ET_os' (member: 20, time: 35310, lat: 30, lon: 47)> Size: 4GB
dask.array<rechunk-merge, shape=(20, 35310, 30, 47), dtype=float32, chunksize=(20, 214, 30, 47), chunktype=numpy.ndarray>
Coordinates:
  * lat      (lat) float64 240B 24.03 24.97 25.92 26.86 ... 49.48 50.42 51.36
  * lon      (lon) float64 376B 235.0 236.2 237.5 238.8 ... 290.0 291.2 292.5
  * time     (time) object 282kB 1850-04-01 00:00:00 ... 2014-10-31 00:00:00
Dimensions without coordinates: member
Attributes:
    units:      mm/day
    long_name:  Short Crop Refrence Evapotranspiration
Calculated ensemble 90th percentile.
Applied 15-day moving average.

Saved ensemble threshold to:
/data1/michsh/90th_zarr/HIST_1251_ensemble_threshold.zarr
Opening BHISTcmip6_LE2-1281.001_ETos_daily.nc
Opening BHISTcmip6_LE2-1281.002_ETos_daily.nc
Opening BHISTcmip6_LE2-1281.003_ETos_daily.nc
Opening BHISTcmip6_LE2-1281.004_ETos_daily.nc
Opening BHISTcmip6_LE2-1281.005_ETos_daily.nc
Opening BHISTcmip6_LE2-1281.006_ETos_daily.nc
Opening BHISTcmip6_LE2-1281.007_ETos_daily.nc
Opening BHISTcmip6_LE2-1281.008_ETos_daily.nc
Opening BHISTcmip6_LE2-1281.009_ETos_daily.nc
Opening BHISTcmip6_LE2-1281.010_ETos_daily.nc
Opening BHISTsmbb_LE2-1281.011_ETos_daily.nc
Opening BHISTsmbb_LE2-1281.012_ETos_daily.nc
Opening BHISTsmbb_LE2-1281.013_ETos_daily.nc
Opening BHISTsmbb_LE2-1281.014_ETos_daily.nc
Opening BHISTsmbb_LE2-1281.015_ETos_daily.nc
Opening BHISTsmbb_LE2-1281.016_ETos_daily.nc
Opening BHISTsmbb_LE2-1281.017_ETos_daily.nc
Opening BHISTsmbb_LE2-1281.018_ETos_daily.nc
Opening BHISTsmbb_LE2-1281.019_ETos_daily.nc
Opening BHISTsmbb_LE2-1281.020_ETos_daily.nc

Loaded 20 datasets.
<xarray.DataArray 'ET_os' (member: 20, time: 35310, lat: 30, lon: 47)> Size: 4GB
dask.array<rechunk-merge, shape=(20, 35310, 30, 47), dtype=float32, chunksize=(20, 214, 30, 47), chunktype=numpy.ndarray>
Coordinates:
  * lat      (lat) float64 240B 24.03 24.97 25.92 26.86 ... 49.48 50.42 51.36
  * lon      (lon) float64 376B 235.0 236.2 237.5 238.8 ... 290.0 291.2 292.5
  * time     (time) object 282kB 1850-04-01 00:00:00 ... 2014-10-31 00:00:00
Dimensions without coordinates: member
Attributes:
    units:      mm/day
    long_name:  Short Crop Refrence Evapotranspiration
Calculated ensemble 90th percentile.
Applied 15-day moving average.

Saved ensemble threshold to:
/data1/michsh/90th_zarr/HIST_1281_ensemble_threshold.zarr
Opening BHISTcmip6_LE2-1301.001_ETos_daily.nc
Opening BHISTcmip6_LE2-1301.002_ETos_daily.nc
Opening BHISTcmip6_LE2-1301.003_ETos_daily.nc
Opening BHISTcmip6_LE2-1301.004_ETos_daily.nc
Opening BHISTcmip6_LE2-1301.005_ETos_daily.nc
Opening BHISTcmip6_LE2-1301.006_ETos_daily.nc
Opening BHISTcmip6_LE2-1301.007_ETos_daily.nc
Opening BHISTcmip6_LE2-1301.008_ETos_daily.nc
Opening BHISTcmip6_LE2-1301.009_ETos_daily.nc
Opening BHISTcmip6_LE2-1301.010_ETos_daily.nc
Opening BHISTsmbb_LE2-1301.011_ETos_daily.nc
Opening BHISTsmbb_LE2-1301.012_ETos_daily.nc
Opening BHISTsmbb_LE2-1301.013_ETos_daily.nc
Opening BHISTsmbb_LE2-1301.014_ETos_daily.nc
Opening BHISTsmbb_LE2-1301.015_ETos_daily.nc
Opening BHISTsmbb_LE2-1301.016_ETos_daily.nc
Opening BHISTsmbb_LE2-1301.017_ETos_daily.nc
Opening BHISTsmbb_LE2-1301.018_ETos_daily.nc
Opening BHISTsmbb_LE2-1301.019_ETos_daily.nc
Opening BHISTsmbb_LE2-1301.020_ETos_daily.nc

Loaded 20 datasets.
<xarray.DataArray 'ET_os' (member: 20, time: 35310, lat: 30, lon: 47)> Size: 4GB
dask.array<rechunk-merge, shape=(20, 35310, 30, 47), dtype=float32, chunksize=(20, 214, 30, 47), chunktype=numpy.ndarray>
Coordinates:
  * lat      (lat) float64 240B 24.03 24.97 25.92 26.86 ... 49.48 50.42 51.36
  * lon      (lon) float64 376B 235.0 236.2 237.5 238.8 ... 290.0 291.2 292.5
  * time     (time) object 282kB 1850-04-01 00:00:00 ... 2014-10-31 00:00:00
Dimensions without coordinates: member
Attributes:
    units:      mm/day
    long_name:  Short Crop Refrence Evapotranspiration
Calculated ensemble 90th percentile.
Applied 15-day moving average.

Saved ensemble threshold to:
/data1/michsh/90th_zarr/HIST_1301_ensemble_threshold.zarr
