nohup: ignoring input
Opening: BHISTcmip6_LE2-1231.001_ETos_daily.nc
293 235 slice(24, 52, None)
((35310,), (25, 5), (25, 22))
((35310,), (25, 5), (25, 22))
Closed data for BHISTcmip6_LE2-1231.001_ETos_daily.nc

Opening: BHISTcmip6_LE2-1231.002_ETos_daily.nc
293 235 slice(24, 52, None)
((35310,), (25, 5), (25, 22))
((35310,), (25, 5), (25, 22))
Closed data for BHISTcmip6_LE2-1231.002_ETos_daily.nc

Opening: BHISTcmip6_LE2-1231.003_ETos_daily.nc
293 235 slice(24, 52, None)
((35310,), (25, 5), (25, 22))
((35310,), (25, 5), (25, 22))
Closed data for BHISTcmip6_LE2-1231.003_ETos_daily.nc

Opening: BHISTcmip6_LE2-1231.004_ETos_daily.nc
293 235 slice(24, 52, None)
((35310,), (25, 5), (25, 22))
((35310,), (25, 5), (25, 22))
Closed data for BHISTcmip6_LE2-1231.004_ETos_daily.nc

Opening: BHISTcmip6_LE2-1231.005_ETos_daily.nc
293 235 slice(24, 52, None)
((35310,), (25, 5), (25, 22))
((35310,), (25, 5), (25, 22))
Closed data for BHISTcmip6_LE2-1231.005_ETos_daily.nc

Opening: BHISTcmip6_LE2-1231.006_ETos_daily.nc
293 235 slice(24, 52, None)
((35310,), (25, 5), (25, 22))
((35310,), (25, 5), (25, 22))
Closed data for BHISTcmip6_LE2-1231.006_ETos_daily.nc

Opening: BHISTcmip6_LE2-1231.007_ETos_daily.nc
293 235 slice(24, 52, None)
((35310,), (25, 5), (25, 22))
((35310,), (25, 5), (25, 22))
Closed data for BHISTcmip6_LE2-1231.007_ETos_daily.nc

Opening: BHISTcmip6_LE2-1231.008_ETos_daily.nc
293 235 slice(24, 52, None)
((35310,), (25, 5), (25, 22))
((35310,), (25, 5), (25, 22))
Closed data for BHISTcmip6_LE2-1231.008_ETos_daily.nc

Opening: BHISTcmip6_LE2-1231.009_ETos_daily.nc
293 235 slice(24, 52, None)
((35310,), (25, 5), (25, 22))
((35310,), (25, 5), (25, 22))
Closed data for BHISTcmip6_LE2-1231.009_ETos_daily.nc

Opening: BHISTcmip6_LE2-1231.010_ETos_daily.nc
293 235 slice(24, 52, None)
((35310,), (25, 5), (25, 22))
((35310,), (25, 5), (25, 22))
Closed data for BHISTcmip6_LE2-1231.010_ETos_daily.nc

Opening: BHISTsmbb_LE2-1231.011_ETos_daily.nc
293 235 slice(24, 52, None)
((35310,), (25, 5), (25, 22))
((35310,), (25, 5), (25, 22))
Closed data for BHISTsmbb_LE2-1231.011_ETos_daily.nc

Opening: BHISTsmbb_LE2-1231.012_ETos_daily.nc
293 235 slice(24, 52, None)
((35310,), (25, 5), (25, 22))
((35310,), (25, 5), (25, 22))
Closed data for BHISTsmbb_LE2-1231.012_ETos_daily.nc

Opening: BHISTsmbb_LE2-1231.013_ETos_daily.nc
293 235 slice(24, 52, None)
((35310,), (25, 5), (25, 22))
((35310,), (25, 5), (25, 22))
Closed data for BHISTsmbb_LE2-1231.013_ETos_daily.nc

Opening: BHISTsmbb_LE2-1231.014_ETos_daily.nc
293 235 slice(24, 52, None)
((35310,), (25, 5), (25, 22))
((35310,), (25, 5), (25, 22))
Closed data for BHISTsmbb_LE2-1231.014_ETos_daily.nc

Opening: BHISTsmbb_LE2-1231.015_ETos_daily.nc
293 235 slice(24, 52, None)
((35310,), (25, 5), (25, 22))
((35310,), (25, 5), (25, 22))
Closed data for BHISTsmbb_LE2-1231.015_ETos_daily.nc

Opening: BHISTsmbb_LE2-1231.016_ETos_daily.nc
293 235 slice(24, 52, None)
((35310,), (25, 5), (25, 22))
((35310,), (25, 5), (25, 22))
Closed data for BHISTsmbb_LE2-1231.016_ETos_daily.nc

Opening: BHISTsmbb_LE2-1231.017_ETos_daily.nc
293 235 slice(24, 52, None)
((35310,), (25, 5), (25, 22))
((35310,), (25, 5), (25, 22))
Closed data for BHISTsmbb_LE2-1231.017_ETos_daily.nc

Opening: BHISTsmbb_LE2-1231.018_ETos_daily.nc
293 235 slice(24, 52, None)
((35310,), (25, 5), (25, 22))
((35310,), (25, 5), (25, 22))
Closed data for BHISTsmbb_LE2-1231.018_ETos_daily.nc

Opening: BHISTsmbb_LE2-1231.019_ETos_daily.nc
293 235 slice(24, 52, None)
((35310,), (25, 5), (25, 22))
((35310,), (25, 5), (25, 22))
Closed data for BHISTsmbb_LE2-1231.019_ETos_daily.nc

Opening: BHISTsmbb_LE2-1231.020_ETos_daily.nc
293 235 slice(24, 52, None)
((35310,), (25, 5), (25, 22))
((35310,), (25, 5), (25, 22))
Closed data for BHISTsmbb_LE2-1231.020_ETos_daily.nc

Opening: BHISTcmip6_LE2-1251.001_ETos_daily.nc
293 235 slice(24, 52, None)
((35310,), (25, 5), (25, 22))
((35310,), (25, 5), (25, 22))
Closed data for BHISTcmip6_LE2-1251.001_ETos_daily.nc

Opening: BHISTcmip6_LE2-1251.002_ETos_daily.nc
293 235 slice(24, 52, None)
((35310,), (25, 5), (25, 22))
((35310,), (25, 5), (25, 22))
Closed data for BHISTcmip6_LE2-1251.002_ETos_daily.nc

Opening: BHISTcmip6_LE2-1251.003_ETos_daily.nc
293 235 slice(24, 52, None)
((35310,), (25, 5), (25, 22))
((35310,), (25, 5), (25, 22))
Closed data for BHISTcmip6_LE2-1251.003_ETos_daily.nc

Opening: BHISTcmip6_LE2-1251.004_ETos_daily.nc
293 235 slice(24, 52, None)
((35310,), (25, 5), (25, 22))
((35310,), (25, 5), (25, 22))
Closed data for BHISTcmip6_LE2-1251.004_ETos_daily.nc

Opening: BHISTcmip6_LE2-1251.005_ETos_daily.nc
293 235 slice(24, 52, None)
((35310,), (25, 5), (25, 22))
((35310,), (25, 5), (25, 22))
Closed data for BHISTcmip6_LE2-1251.005_ETos_daily.nc

Opening: BHISTcmip6_LE2-1251.006_ETos_daily.nc
293 235 slice(24, 52, None)
((35310,), (25, 5), (25, 22))
((35310,), (25, 5), (25, 22))
Closed data for BHISTcmip6_LE2-1251.006_ETos_daily.nc

Opening: BHISTcmip6_LE2-1251.007_ETos_daily.nc
293 235 slice(24, 52, None)
((35310,), (25, 5), (25, 22))
((35310,), (25, 5), (25, 22))
Closed data for BHISTcmip6_LE2-1251.007_ETos_daily.nc

Opening: BHISTcmip6_LE2-1251.008_ETos_daily.nc
293 235 slice(24, 52, None)
((35310,), (25, 5), (25, 22))
((35310,), (25, 5), (25, 22))
Closed data for BHISTcmip6_LE2-1251.008_ETos_daily.nc

Opening: BHISTcmip6_LE2-1251.009_ETos_daily.nc
293 235 slice(24, 52, None)
((35310,), (25, 5), (25, 22))
((35310,), (25, 5), (25, 22))
Closed data for BHISTcmip6_LE2-1251.009_ETos_daily.nc

Opening: BHISTcmip6_LE2-1251.010_ETos_daily.nc
293 235 slice(24, 52, None)
((35310,), (25, 5), (25, 22))
((35310,), (25, 5), (25, 22))
Closed data for BHISTcmip6_LE2-1251.010_ETos_daily.nc

Opening: BHISTsmbb_LE2-1251.011_ETos_daily.nc
293 235 slice(24, 52, None)
((35310,), (25, 5), (25, 22))
((35310,), (25, 5), (25, 22))
Closed data for BHISTsmbb_LE2-1251.011_ETos_daily.nc

Opening: BHISTsmbb_LE2-1251.012_ETos_daily.nc
293 235 slice(24, 52, None)
((35310,), (25, 5), (25, 22))
((35310,), (25, 5), (25, 22))
Closed data for BHISTsmbb_LE2-1251.012_ETos_daily.nc

Opening: BHISTsmbb_LE2-1251.013_ETos_daily.nc
293 235 slice(24, 52, None)
((35310,), (25, 5), (25, 22))
((35310,), (25, 5), (25, 22))
Closed data for BHISTsmbb_LE2-1251.013_ETos_daily.nc

Opening: BHISTsmbb_LE2-1251.014_ETos_daily.nc
293 235 slice(24, 52, None)
((35310,), (25, 5), (25, 22))
((35310,), (25, 5), (25, 22))
Closed data for BHISTsmbb_LE2-1251.014_ETos_daily.nc

Opening: BHISTsmbb_LE2-1251.015_ETos_daily.nc
293 235 slice(24, 52, None)
((35310,), (25, 5), (25, 22))
((35310,), (25, 5), (25, 22))
Closed data for BHISTsmbb_LE2-1251.015_ETos_daily.nc

Opening: BHISTsmbb_LE2-1251.016_ETos_daily.nc
293 235 slice(24, 52, None)
((35310,), (25, 5), (25, 22))
((35310,), (25, 5), (25, 22))
Closed data for BHISTsmbb_LE2-1251.016_ETos_daily.nc

Opening: BHISTsmbb_LE2-1251.017_ETos_daily.nc
293 235 slice(24, 52, None)
((35310,), (25, 5), (25, 22))
((35310,), (25, 5), (25, 22))
Closed data for BHISTsmbb_LE2-1251.017_ETos_daily.nc

Opening: BHISTsmbb_LE2-1251.018_ETos_daily.nc
293 235 slice(24, 52, None)
((35310,), (25, 5), (25, 22))
((35310,), (25, 5), (25, 22))
Closed data for BHISTsmbb_LE2-1251.018_ETos_daily.nc

Opening: BHISTsmbb_LE2-1251.019_ETos_daily.nc
293 235 slice(24, 52, None)
((35310,), (25, 5), (25, 22))
((35310,), (25, 5), (25, 22))
Closed data for BHISTsmbb_LE2-1251.019_ETos_daily.nc

Opening: BHISTsmbb_LE2-1251.020_ETos_daily.nc
293 235 slice(24, 52, None)
((35310,), (25, 5), (25, 22))
((35310,), (25, 5), (25, 22))
Closed data for BHISTsmbb_LE2-1251.020_ETos_daily.nc

Opening: BHISTcmip6_LE2-1281.001_ETos_daily.nc
293 235 slice(24, 52, None)
((35310,), (25, 5), (25, 22))
((35310,), (25, 5), (25, 22))
Closed data for BHISTcmip6_LE2-1281.001_ETos_daily.nc

Opening: BHISTcmip6_LE2-1281.002_ETos_daily.nc
293 235 slice(24, 52, None)
((35310,), (25, 5), (25, 22))
((35310,), (25, 5), (25, 22))
Closed data for BHISTcmip6_LE2-1281.002_ETos_daily.nc

Opening: BHISTcmip6_LE2-1281.003_ETos_daily.nc
293 235 slice(24, 52, None)
((35310,), (25, 5), (25, 22))
((35310,), (25, 5), (25, 22))
Closed data for BHISTcmip6_LE2-1281.003_ETos_daily.nc

Opening: BHISTcmip6_LE2-1281.004_ETos_daily.nc
293 235 slice(24, 52, None)
((35310,), (25, 5), (25, 22))
((35310,), (25, 5), (25, 22))
Closed data for BHISTcmip6_LE2-1281.004_ETos_daily.nc

Opening: BHISTcmip6_LE2-1281.005_ETos_daily.nc
293 235 slice(24, 52, None)
((35310,), (25, 5), (25, 22))
((35310,), (25, 5), (25, 22))
Closed data for BHISTcmip6_LE2-1281.005_ETos_daily.nc

Opening: BHISTcmip6_LE2-1281.006_ETos_daily.nc
293 235 slice(24, 52, None)
((35310,), (25, 5), (25, 22))
((35310,), (25, 5), (25, 22))
Closed data for BHISTcmip6_LE2-1281.006_ETos_daily.nc

Opening: BHISTcmip6_LE2-1281.007_ETos_daily.nc
293 235 slice(24, 52, None)
((35310,), (25, 5), (25, 22))
((35310,), (25, 5), (25, 22))
Closed data for BHISTcmip6_LE2-1281.007_ETos_daily.nc

Opening: BHISTcmip6_LE2-1281.008_ETos_daily.nc
293 235 slice(24, 52, None)
((35310,), (25, 5), (25, 22))
((35310,), (25, 5), (25, 22))
Closed data for BHISTcmip6_LE2-1281.008_ETos_daily.nc

Opening: BHISTcmip6_LE2-1281.009_ETos_daily.nc
293 235 slice(24, 52, None)
((35310,), (25, 5), (25, 22))
((35310,), (25, 5), (25, 22))
Closed data for BHISTcmip6_LE2-1281.009_ETos_daily.nc

Opening: BHISTcmip6_LE2-1281.010_ETos_daily.nc
293 235 slice(24, 52, None)
((35310,), (25, 5), (25, 22))
((35310,), (25, 5), (25, 22))
Closed data for BHISTcmip6_LE2-1281.010_ETos_daily.nc

Opening: BHISTsmbb_LE2-1281.011_ETos_daily.nc
293 235 slice(24, 52, None)
((35310,), (25, 5), (25, 22))
((35310,), (25, 5), (25, 22))
Closed data for BHISTsmbb_LE2-1281.011_ETos_daily.nc

Opening: BHISTsmbb_LE2-1281.012_ETos_daily.nc
293 235 slice(24, 52, None)
((35310,), (25, 5), (25, 22))
((35310,), (25, 5), (25, 22))
Closed data for BHISTsmbb_LE2-1281.012_ETos_daily.nc

Opening: BHISTsmbb_LE2-1281.013_ETos_daily.nc
293 235 slice(24, 52, None)
((35310,), (25, 5), (25, 22))
((35310,), (25, 5), (25, 22))
Closed data for BHISTsmbb_LE2-1281.013_ETos_daily.nc

Opening: BHISTsmbb_LE2-1281.014_ETos_daily.nc
293 235 slice(24, 52, None)
((35310,), (25, 5), (25, 22))
((35310,), (25, 5), (25, 22))
Closed data for BHISTsmbb_LE2-1281.014_ETos_daily.nc

Opening: BHISTsmbb_LE2-1281.015_ETos_daily.nc
293 235 slice(24, 52, None)
((35310,), (25, 5), (25, 22))
((35310,), (25, 5), (25, 22))
Closed data for BHISTsmbb_LE2-1281.015_ETos_daily.nc

Opening: BHISTsmbb_LE2-1281.016_ETos_daily.nc
293 235 slice(24, 52, None)
((35310,), (25, 5), (25, 22))
((35310,), (25, 5), (25, 22))
Closed data for BHISTsmbb_LE2-1281.016_ETos_daily.nc

Opening: BHISTsmbb_LE2-1281.017_ETos_daily.nc
293 235 slice(24, 52, None)
((35310,), (25, 5), (25, 22))
((35310,), (25, 5), (25, 22))
Closed data for BHISTsmbb_LE2-1281.017_ETos_daily.nc

Opening: BHISTsmbb_LE2-1281.018_ETos_daily.nc
293 235 slice(24, 52, None)
((35310,), (25, 5), (25, 22))
((35310,), (25, 5), (25, 22))
Closed data for BHISTsmbb_LE2-1281.018_ETos_daily.nc

Opening: BHISTsmbb_LE2-1281.019_ETos_daily.nc
293 235 slice(24, 52, None)
((35310,), (25, 5), (25, 22))
((35310,), (25, 5), (25, 22))
Closed data for BHISTsmbb_LE2-1281.019_ETos_daily.nc

Opening: BHISTsmbb_LE2-1281.020_ETos_daily.nc
293 235 slice(24, 52, None)
((35310,), (25, 5), (25, 22))
((35310,), (25, 5), (25, 22))
Closed data for BHISTsmbb_LE2-1281.020_ETos_daily.nc

Opening: BHISTcmip6_LE2-1301.001_ETos_daily.nc
293 235 slice(24, 52, None)
((35310,), (25, 5), (25, 22))
((35310,), (25, 5), (25, 22))
Closed data for BHISTcmip6_LE2-1301.001_ETos_daily.nc

Opening: BHISTcmip6_LE2-1301.002_ETos_daily.nc
293 235 slice(24, 52, None)
((35310,), (25, 5), (25, 22))
((35310,), (25, 5), (25, 22))
Closed data for BHISTcmip6_LE2-1301.002_ETos_daily.nc

Opening: BHISTcmip6_LE2-1301.003_ETos_daily.nc
293 235 slice(24, 52, None)
((35310,), (25, 5), (25, 22))
((35310,), (25, 5), (25, 22))
Closed data for BHISTcmip6_LE2-1301.003_ETos_daily.nc

Opening: BHISTcmip6_LE2-1301.004_ETos_daily.nc
293 235 slice(24, 52, None)
((35310,), (25, 5), (25, 22))
((35310,), (25, 5), (25, 22))
Closed data for BHISTcmip6_LE2-1301.004_ETos_daily.nc

Opening: BHISTcmip6_LE2-1301.005_ETos_daily.nc
293 235 slice(24, 52, None)
((35310,), (25, 5), (25, 22))
((35310,), (25, 5), (25, 22))
Closed data for BHISTcmip6_LE2-1301.005_ETos_daily.nc

Opening: BHISTcmip6_LE2-1301.006_ETos_daily.nc
293 235 slice(24, 52, None)
((35310,), (25, 5), (25, 22))
((35310,), (25, 5), (25, 22))
Closed data for BHISTcmip6_LE2-1301.006_ETos_daily.nc

Opening: BHISTcmip6_LE2-1301.007_ETos_daily.nc
293 235 slice(24, 52, None)
((35310,), (25, 5), (25, 22))
((35310,), (25, 5), (25, 22))
Closed data for BHISTcmip6_LE2-1301.007_ETos_daily.nc

Opening: BHISTcmip6_LE2-1301.008_ETos_daily.nc
293 235 slice(24, 52, None)
((35310,), (25, 5), (25, 22))
((35310,), (25, 5), (25, 22))
Closed data for BHISTcmip6_LE2-1301.008_ETos_daily.nc

Opening: BHISTcmip6_LE2-1301.009_ETos_daily.nc
293 235 slice(24, 52, None)
((35310,), (25, 5), (25, 22))
((35310,), (25, 5), (25, 22))
Closed data for BHISTcmip6_LE2-1301.009_ETos_daily.nc

Opening: BHISTcmip6_LE2-1301.010_ETos_daily.nc
293 235 slice(24, 52, None)
((35310,), (25, 5), (25, 22))
((35310,), (25, 5), (25, 22))
Closed data for BHISTcmip6_LE2-1301.010_ETos_daily.nc

Opening: BHISTsmbb_LE2-1301.011_ETos_daily.nc
293 235 slice(24, 52, None)
((35310,), (25, 5), (25, 22))
((35310,), (25, 5), (25, 22))
Closed data for BHISTsmbb_LE2-1301.011_ETos_daily.nc

Opening: BHISTsmbb_LE2-1301.012_ETos_daily.nc
293 235 slice(24, 52, None)
((35310,), (25, 5), (25, 22))
((35310,), (25, 5), (25, 22))
Closed data for BHISTsmbb_LE2-1301.012_ETos_daily.nc

Opening: BHISTsmbb_LE2-1301.013_ETos_daily.nc
293 235 slice(24, 52, None)
((35310,), (25, 5), (25, 22))
((35310,), (25, 5), (25, 22))
Closed data for BHISTsmbb_LE2-1301.013_ETos_daily.nc

Opening: BHISTsmbb_LE2-1301.014_ETos_daily.nc
293 235 slice(24, 52, None)
((35310,), (25, 5), (25, 22))
((35310,), (25, 5), (25, 22))
Closed data for BHISTsmbb_LE2-1301.014_ETos_daily.nc

Opening: BHISTsmbb_LE2-1301.015_ETos_daily.nc
293 235 slice(24, 52, None)
((35310,), (25, 5), (25, 22))
((35310,), (25, 5), (25, 22))
Closed data for BHISTsmbb_LE2-1301.015_ETos_daily.nc

Opening: BHISTsmbb_LE2-1301.016_ETos_daily.nc
293 235 slice(24, 52, None)
((35310,), (25, 5), (25, 22))
((35310,), (25, 5), (25, 22))
Closed data for BHISTsmbb_LE2-1301.016_ETos_daily.nc

Opening: BHISTsmbb_LE2-1301.017_ETos_daily.nc
293 235 slice(24, 52, None)
((35310,), (25, 5), (25, 22))
((35310,), (25, 5), (25, 22))
Closed data for BHISTsmbb_LE2-1301.017_ETos_daily.nc

Opening: BHISTsmbb_LE2-1301.018_ETos_daily.nc
293 235 slice(24, 52, None)
((35310,), (25, 5), (25, 22))
((35310,), (25, 5), (25, 22))
Closed data for BHISTsmbb_LE2-1301.018_ETos_daily.nc

Opening: BHISTsmbb_LE2-1301.019_ETos_daily.nc
293 235 slice(24, 52, None)
((35310,), (25, 5), (25, 22))
((35310,), (25, 5), (25, 22))
Closed data for BHISTsmbb_LE2-1301.019_ETos_daily.nc

Opening: BHISTsmbb_LE2-1301.020_ETos_daily.nc
293 235 slice(24, 52, None)
((35310,), (25, 5), (25, 22))
((35310,), (25, 5), (25, 22))
Closed data for BHISTsmbb_LE2-1301.020_ETos_daily.nc

Opening: BSSP370cmip6_LE2-1231.001_ETos_daily.nc
293 235 slice(24, 52, None)
((18404,), (25, 5), (25, 22))
((18404,), (25, 5), (25, 22))
Closed data for BSSP370cmip6_LE2-1231.001_ETos_daily.nc

Opening: BSSP370cmip6_LE2-1231.002_ETos_daily.nc
293 235 slice(24, 52, None)
((18404,), (25, 5), (25, 22))
((18404,), (25, 5), (25, 22))
Closed data for BSSP370cmip6_LE2-1231.002_ETos_daily.nc

Opening: BSSP370cmip6_LE2-1231.003_ETos_daily.nc
293 235 slice(24, 52, None)
((18404,), (25, 5), (25, 22))
((18404,), (25, 5), (25, 22))
Closed data for BSSP370cmip6_LE2-1231.003_ETos_daily.nc

Opening: BSSP370cmip6_LE2-1231.004_ETos_daily.nc
293 235 slice(24, 52, None)
((18404,), (25, 5), (25, 22))
((18404,), (25, 5), (25, 22))
Closed data for BSSP370cmip6_LE2-1231.004_ETos_daily.nc

Opening: BSSP370cmip6_LE2-1231.005_ETos_daily.nc
293 235 slice(24, 52, None)
((18404,), (25, 5), (25, 22))
((18404,), (25, 5), (25, 22))
Closed data for BSSP370cmip6_LE2-1231.005_ETos_daily.nc

Opening: BSSP370cmip6_LE2-1231.006_ETos_daily.nc
293 235 slice(24, 52, None)
((18404,), (25, 5), (25, 22))
((18404,), (25, 5), (25, 22))
Closed data for BSSP370cmip6_LE2-1231.006_ETos_daily.nc

Opening: BSSP370cmip6_LE2-1231.007_ETos_daily.nc
293 235 slice(24, 52, None)
((18404,), (25, 5), (25, 22))
((18404,), (25, 5), (25, 22))
Closed data for BSSP370cmip6_LE2-1231.007_ETos_daily.nc

Opening: BSSP370cmip6_LE2-1231.008_ETos_daily.nc
293 235 slice(24, 52, None)
((18404,), (25, 5), (25, 22))
((18404,), (25, 5), (25, 22))
Closed data for BSSP370cmip6_LE2-1231.008_ETos_daily.nc

Opening: BSSP370cmip6_LE2-1231.009_ETos_daily.nc
293 235 slice(24, 52, None)
((18404,), (25, 5), (25, 22))
((18404,), (25, 5), (25, 22))
Closed data for BSSP370cmip6_LE2-1231.009_ETos_daily.nc

Opening: BSSP370cmip6_LE2-1231.010_ETos_daily.nc
293 235 slice(24, 52, None)
((18404,), (25, 5), (25, 22))
((18404,), (25, 5), (25, 22))
Closed data for BSSP370cmip6_LE2-1231.010_ETos_daily.nc

Opening: BSSP370smbb_LE2-1231.011_ETos_daily.nc
293 235 slice(24, 52, None)
((18404,), (25, 5), (25, 22))
((18404,), (25, 5), (25, 22))
Closed data for BSSP370smbb_LE2-1231.011_ETos_daily.nc

Opening: BSSP370smbb_LE2-1231.012_ETos_daily.nc
293 235 slice(24, 52, None)
((18404,), (25, 5), (25, 22))
((18404,), (25, 5), (25, 22))
Closed data for BSSP370smbb_LE2-1231.012_ETos_daily.nc

Opening: BSSP370smbb_LE2-1231.013_ETos_daily.nc
293 235 slice(24, 52, None)
((18404,), (25, 5), (25, 22))
((18404,), (25, 5), (25, 22))
Closed data for BSSP370smbb_LE2-1231.013_ETos_daily.nc

Opening: BSSP370smbb_LE2-1231.014_ETos_daily.nc
293 235 slice(24, 52, None)
((18404,), (25, 5), (25, 22))
((18404,), (25, 5), (25, 22))
Closed data for BSSP370smbb_LE2-1231.014_ETos_daily.nc

Opening: BSSP370smbb_LE2-1231.015_ETos_daily.nc
293 235 slice(24, 52, None)
((18404,), (25, 5), (25, 22))
((18404,), (25, 5), (25, 22))
Closed data for BSSP370smbb_LE2-1231.015_ETos_daily.nc

Opening: BSSP370smbb_LE2-1231.016_ETos_daily.nc
293 235 slice(24, 52, None)
((18404,), (25, 5), (25, 22))
((18404,), (25, 5), (25, 22))
Closed data for BSSP370smbb_LE2-1231.016_ETos_daily.nc

Opening: BSSP370smbb_LE2-1231.017_ETos_daily.nc
293 235 slice(24, 52, None)
((18404,), (25, 5), (25, 22))
((18404,), (25, 5), (25, 22))
Closed data for BSSP370smbb_LE2-1231.017_ETos_daily.nc

Opening: BSSP370smbb_LE2-1231.018_ETos_daily.nc
293 235 slice(24, 52, None)
((18404,), (25, 5), (25, 22))
((18404,), (25, 5), (25, 22))
Closed data for BSSP370smbb_LE2-1231.018_ETos_daily.nc

Opening: BSSP370smbb_LE2-1231.019_ETos_daily.nc
293 235 slice(24, 52, None)
((18404,), (25, 5), (25, 22))
((18404,), (25, 5), (25, 22))
Closed data for BSSP370smbb_LE2-1231.019_ETos_daily.nc

Opening: BSSP370smbb_LE2-1231.020_ETos_daily.nc
293 235 slice(24, 52, None)
((18404,), (25, 5), (25, 22))
((18404,), (25, 5), (25, 22))
Closed data for BSSP370smbb_LE2-1231.020_ETos_daily.nc

Opening: BSSP370cmip6_LE2-1251.001_ETos_daily.nc
293 235 slice(24, 52, None)
((18404,), (25, 5), (25, 22))
((18404,), (25, 5), (25, 22))
Closed data for BSSP370cmip6_LE2-1251.001_ETos_daily.nc

Opening: BSSP370cmip6_LE2-1251.002_ETos_daily.nc
293 235 slice(24, 52, None)
((18404,), (25, 5), (25, 22))
((18404,), (25, 5), (25, 22))
Closed data for BSSP370cmip6_LE2-1251.002_ETos_daily.nc

Opening: BSSP370cmip6_LE2-1251.003_ETos_daily.nc
293 235 slice(24, 52, None)
((18404,), (25, 5), (25, 22))
((18404,), (25, 5), (25, 22))
Closed data for BSSP370cmip6_LE2-1251.003_ETos_daily.nc

Opening: BSSP370cmip6_LE2-1251.004_ETos_daily.nc
293 235 slice(24, 52, None)
((18404,), (25, 5), (25, 22))
((18404,), (25, 5), (25, 22))
Closed data for BSSP370cmip6_LE2-1251.004_ETos_daily.nc

Opening: BSSP370cmip6_LE2-1251.005_ETos_daily.nc
293 235 slice(24, 52, None)
((18404,), (25, 5), (25, 22))
((18404,), (25, 5), (25, 22))
Closed data for BSSP370cmip6_LE2-1251.005_ETos_daily.nc

Opening: BSSP370cmip6_LE2-1251.006_ETos_daily.nc
293 235 slice(24, 52, None)
((18404,), (25, 5), (25, 22))
((18404,), (25, 5), (25, 22))
Closed data for BSSP370cmip6_LE2-1251.006_ETos_daily.nc

Opening: BSSP370cmip6_LE2-1251.007_ETos_daily.nc
293 235 slice(24, 52, None)
((18404,), (25, 5), (25, 22))
((18404,), (25, 5), (25, 22))
Closed data for BSSP370cmip6_LE2-1251.007_ETos_daily.nc

Opening: BSSP370cmip6_LE2-1251.008_ETos_daily.nc
293 235 slice(24, 52, None)
((18404,), (25, 5), (25, 22))
((18404,), (25, 5), (25, 22))
Closed data for BSSP370cmip6_LE2-1251.008_ETos_daily.nc

Opening: BSSP370cmip6_LE2-1251.009_ETos_daily.nc
293 235 slice(24, 52, None)
((18404,), (25, 5), (25, 22))
((18404,), (25, 5), (25, 22))
Closed data for BSSP370cmip6_LE2-1251.009_ETos_daily.nc

Opening: BSSP370cmip6_LE2-1251.010_ETos_daily.nc
293 235 slice(24, 52, None)
((18404,), (25, 5), (25, 22))
((18404,), (25, 5), (25, 22))
Closed data for BSSP370cmip6_LE2-1251.010_ETos_daily.nc

Opening: BSSP370smbb_LE2-1251.011_ETos_daily.nc
293 235 slice(24, 52, None)
((18404,), (25, 5), (25, 22))
((18404,), (25, 5), (25, 22))
Closed data for BSSP370smbb_LE2-1251.011_ETos_daily.nc

Opening: BSSP370smbb_LE2-1251.012_ETos_daily.nc
293 235 slice(24, 52, None)
((18404,), (25, 5), (25, 22))
((18404,), (25, 5), (25, 22))
Closed data for BSSP370smbb_LE2-1251.012_ETos_daily.nc

Opening: BSSP370smbb_LE2-1251.013_ETos_daily.nc
293 235 slice(24, 52, None)
((18404,), (25, 5), (25, 22))
((18404,), (25, 5), (25, 22))
Closed data for BSSP370smbb_LE2-1251.013_ETos_daily.nc

Opening: BSSP370smbb_LE2-1251.014_ETos_daily.nc
293 235 slice(24, 52, None)
((18404,), (25, 5), (25, 22))
((18404,), (25, 5), (25, 22))
Closed data for BSSP370smbb_LE2-1251.014_ETos_daily.nc

Opening: BSSP370smbb_LE2-1251.015_ETos_daily.nc
293 235 slice(24, 52, None)
((18404,), (25, 5), (25, 22))
((18404,), (25, 5), (25, 22))
Closed data for BSSP370smbb_LE2-1251.015_ETos_daily.nc

Opening: BSSP370smbb_LE2-1251.016_ETos_daily.nc
293 235 slice(24, 52, None)
((18404,), (25, 5), (25, 22))
((18404,), (25, 5), (25, 22))
Closed data for BSSP370smbb_LE2-1251.016_ETos_daily.nc

Opening: BSSP370smbb_LE2-1251.017_ETos_daily.nc
293 235 slice(24, 52, None)
((18404,), (25, 5), (25, 22))
((18404,), (25, 5), (25, 22))
Closed data for BSSP370smbb_LE2-1251.017_ETos_daily.nc

Opening: BSSP370smbb_LE2-1251.018_ETos_daily.nc
293 235 slice(24, 52, None)
((18404,), (25, 5), (25, 22))
((18404,), (25, 5), (25, 22))
Closed data for BSSP370smbb_LE2-1251.018_ETos_daily.nc

Opening: BSSP370smbb_LE2-1251.019_ETos_daily.nc
293 235 slice(24, 52, None)
((18404,), (25, 5), (25, 22))
((18404,), (25, 5), (25, 22))
Closed data for BSSP370smbb_LE2-1251.019_ETos_daily.nc

Opening: BSSP370smbb_LE2-1251.020_ETos_daily.nc
293 235 slice(24, 52, None)
((18404,), (25, 5), (25, 22))
((18404,), (25, 5), (25, 22))
Closed data for BSSP370smbb_LE2-1251.020_ETos_daily.nc

Opening: BSSP370cmip6_LE2-1281.001_ETos_daily.nc
293 235 slice(24, 52, None)
((18404,), (25, 5), (25, 22))
((18404,), (25, 5), (25, 22))
Closed data for BSSP370cmip6_LE2-1281.001_ETos_daily.nc

Opening: BSSP370cmip6_LE2-1281.002_ETos_daily.nc
293 235 slice(24, 52, None)
((18404,), (25, 5), (25, 22))
((18404,), (25, 5), (25, 22))
Closed data for BSSP370cmip6_LE2-1281.002_ETos_daily.nc

Opening: BSSP370cmip6_LE2-1281.003_ETos_daily.nc
293 235 slice(24, 52, None)
((18404,), (25, 5), (25, 22))
((18404,), (25, 5), (25, 22))
Closed data for BSSP370cmip6_LE2-1281.003_ETos_daily.nc

Opening: BSSP370cmip6_LE2-1281.004_ETos_daily.nc
293 235 slice(24, 52, None)
((18404,), (25, 5), (25, 22))
((18404,), (25, 5), (25, 22))
Closed data for BSSP370cmip6_LE2-1281.004_ETos_daily.nc

Opening: BSSP370cmip6_LE2-1281.005_ETos_daily.nc
293 235 slice(24, 52, None)
((18404,), (25, 5), (25, 22))
((18404,), (25, 5), (25, 22))
Closed data for BSSP370cmip6_LE2-1281.005_ETos_daily.nc

Opening: BSSP370cmip6_LE2-1281.006_ETos_daily.nc
293 235 slice(24, 52, None)
((18404,), (25, 5), (25, 22))
((18404,), (25, 5), (25, 22))
Closed data for BSSP370cmip6_LE2-1281.006_ETos_daily.nc

Opening: BSSP370cmip6_LE2-1281.007_ETos_daily.nc
293 235 slice(24, 52, None)
((18404,), (25, 5), (25, 22))
((18404,), (25, 5), (25, 22))
Closed data for BSSP370cmip6_LE2-1281.007_ETos_daily.nc

Opening: BSSP370cmip6_LE2-1281.008_ETos_daily.nc
293 235 slice(24, 52, None)
((18404,), (25, 5), (25, 22))
((18404,), (25, 5), (25, 22))
Closed data for BSSP370cmip6_LE2-1281.008_ETos_daily.nc

Opening: BSSP370cmip6_LE2-1281.009_ETos_daily.nc
293 235 slice(24, 52, None)
((18404,), (25, 5), (25, 22))
((18404,), (25, 5), (25, 22))
Closed data for BSSP370cmip6_LE2-1281.009_ETos_daily.nc

Opening: BSSP370cmip6_LE2-1281.010_ETos_daily.nc
293 235 slice(24, 52, None)
((18404,), (25, 5), (25, 22))
((18404,), (25, 5), (25, 22))
Closed data for BSSP370cmip6_LE2-1281.010_ETos_daily.nc

Opening: BSSP370smbb_LE2-1281.011_ETos_daily.nc
293 235 slice(24, 52, None)
((18404,), (25, 5), (25, 22))
((18404,), (25, 5), (25, 22))
Closed data for BSSP370smbb_LE2-1281.011_ETos_daily.nc

Opening: BSSP370smbb_LE2-1281.012_ETos_daily.nc
293 235 slice(24, 52, None)
((18404,), (25, 5), (25, 22))
((18404,), (25, 5), (25, 22))
Closed data for BSSP370smbb_LE2-1281.012_ETos_daily.nc

Opening: BSSP370smbb_LE2-1281.013_ETos_daily.nc
293 235 slice(24, 52, None)
((18404,), (25, 5), (25, 22))
((18404,), (25, 5), (25, 22))
Closed data for BSSP370smbb_LE2-1281.013_ETos_daily.nc

Opening: BSSP370smbb_LE2-1281.014_ETos_daily.nc
293 235 slice(24, 52, None)
((18404,), (25, 5), (25, 22))
((18404,), (25, 5), (25, 22))
Closed data for BSSP370smbb_LE2-1281.014_ETos_daily.nc

Opening: BSSP370smbb_LE2-1281.015_ETos_daily.nc
293 235 slice(24, 52, None)
((18404,), (25, 5), (25, 22))
((18404,), (25, 5), (25, 22))
Closed data for BSSP370smbb_LE2-1281.015_ETos_daily.nc

Opening: BSSP370smbb_LE2-1281.016_ETos_daily.nc
293 235 slice(24, 52, None)
((18404,), (25, 5), (25, 22))
((18404,), (25, 5), (25, 22))
Closed data for BSSP370smbb_LE2-1281.016_ETos_daily.nc

Opening: BSSP370smbb_LE2-1281.017_ETos_daily.nc
293 235 slice(24, 52, None)
((18404,), (25, 5), (25, 22))
((18404,), (25, 5), (25, 22))
Closed data for BSSP370smbb_LE2-1281.017_ETos_daily.nc

Opening: BSSP370smbb_LE2-1281.018_ETos_daily.nc
293 235 slice(24, 52, None)
((18404,), (25, 5), (25, 22))
((18404,), (25, 5), (25, 22))
Closed data for BSSP370smbb_LE2-1281.018_ETos_daily.nc

Opening: BSSP370smbb_LE2-1281.019_ETos_daily.nc
293 235 slice(24, 52, None)
((18404,), (25, 5), (25, 22))
((18404,), (25, 5), (25, 22))
Closed data for BSSP370smbb_LE2-1281.019_ETos_daily.nc

Opening: BSSP370smbb_LE2-1281.020_ETos_daily.nc
293 235 slice(24, 52, None)
((18404,), (25, 5), (25, 22))
((18404,), (25, 5), (25, 22))
Closed data for BSSP370smbb_LE2-1281.020_ETos_daily.nc

Opening: BSSP370cmip6_LE2-1301.001_ETos_daily.nc
293 235 slice(24, 52, None)
((18404,), (25, 5), (25, 22))
((18404,), (25, 5), (25, 22))
Closed data for BSSP370cmip6_LE2-1301.001_ETos_daily.nc

Opening: BSSP370cmip6_LE2-1301.002_ETos_daily.nc
293 235 slice(24, 52, None)
((18404,), (25, 5), (25, 22))
((18404,), (25, 5), (25, 22))
Closed data for BSSP370cmip6_LE2-1301.002_ETos_daily.nc

Opening: BSSP370cmip6_LE2-1301.003_ETos_daily.nc
293 235 slice(24, 52, None)
((18404,), (25, 5), (25, 22))
((18404,), (25, 5), (25, 22))
Closed data for BSSP370cmip6_LE2-1301.003_ETos_daily.nc

Opening: BSSP370cmip6_LE2-1301.004_ETos_daily.nc
293 235 slice(24, 52, None)
((18404,), (25, 5), (25, 22))
((18404,), (25, 5), (25, 22))
Closed data for BSSP370cmip6_LE2-1301.004_ETos_daily.nc

Opening: BSSP370cmip6_LE2-1301.005_ETos_daily.nc
293 235 slice(24, 52, None)
((18404,), (25, 5), (25, 22))
((18404,), (25, 5), (25, 22))
Closed data for BSSP370cmip6_LE2-1301.005_ETos_daily.nc

Opening: BSSP370cmip6_LE2-1301.006_ETos_daily.nc
293 235 slice(24, 52, None)
((18404,), (25, 5), (25, 22))
((18404,), (25, 5), (25, 22))
Closed data for BSSP370cmip6_LE2-1301.006_ETos_daily.nc

Opening: BSSP370cmip6_LE2-1301.007_ETos_daily.nc
293 235 slice(24, 52, None)
((18404,), (25, 5), (25, 22))
((18404,), (25, 5), (25, 22))
Closed data for BSSP370cmip6_LE2-1301.007_ETos_daily.nc

Opening: BSSP370cmip6_LE2-1301.008_ETos_daily.nc
293 235 slice(24, 52, None)
((18404,), (25, 5), (25, 22))
((18404,), (25, 5), (25, 22))
Closed data for BSSP370cmip6_LE2-1301.008_ETos_daily.nc

Opening: BSSP370cmip6_LE2-1301.009_ETos_daily.nc
293 235 slice(24, 52, None)
((18404,), (25, 5), (25, 22))
((18404,), (25, 5), (25, 22))
Closed data for BSSP370cmip6_LE2-1301.009_ETos_daily.nc

Opening: BSSP370cmip6_LE2-1301.010_ETos_daily.nc
293 235 slice(24, 52, None)
((18404,), (25, 5), (25, 22))
((18404,), (25, 5), (25, 22))
Closed data for BSSP370cmip6_LE2-1301.010_ETos_daily.nc

Opening: BSSP370smbb_LE2-1301.011_ETos_daily.nc
293 235 slice(24, 52, None)
((18404,), (25, 5), (25, 22))
((18404,), (25, 5), (25, 22))
Closed data for BSSP370smbb_LE2-1301.011_ETos_daily.nc

Opening: BSSP370smbb_LE2-1301.012_ETos_daily.nc
293 235 slice(24, 52, None)
((18404,), (25, 5), (25, 22))
((18404,), (25, 5), (25, 22))
Closed data for BSSP370smbb_LE2-1301.012_ETos_daily.nc

Opening: BSSP370smbb_LE2-1301.013_ETos_daily.nc
293 235 slice(24, 52, None)
((18404,), (25, 5), (25, 22))
((18404,), (25, 5), (25, 22))
Closed data for BSSP370smbb_LE2-1301.013_ETos_daily.nc

Opening: BSSP370smbb_LE2-1301.014_ETos_daily.nc
293 235 slice(24, 52, None)
((18404,), (25, 5), (25, 22))
((18404,), (25, 5), (25, 22))
Closed data for BSSP370smbb_LE2-1301.014_ETos_daily.nc

Opening: BSSP370smbb_LE2-1301.015_ETos_daily.nc
293 235 slice(24, 52, None)
((18404,), (25, 5), (25, 22))
((18404,), (25, 5), (25, 22))
Closed data for BSSP370smbb_LE2-1301.015_ETos_daily.nc

Opening: BSSP370smbb_LE2-1301.016_ETos_daily.nc
293 235 slice(24, 52, None)
((18404,), (25, 5), (25, 22))
((18404,), (25, 5), (25, 22))
Closed data for BSSP370smbb_LE2-1301.016_ETos_daily.nc

Opening: BSSP370smbb_LE2-1301.017_ETos_daily.nc
293 235 slice(24, 52, None)
((18404,), (25, 5), (25, 22))
((18404,), (25, 5), (25, 22))
Closed data for BSSP370smbb_LE2-1301.017_ETos_daily.nc

Opening: BSSP370smbb_LE2-1301.018_ETos_daily.nc
293 235 slice(24, 52, None)
((18404,), (25, 5), (25, 22))
((18404,), (25, 5), (25, 22))
Closed data for BSSP370smbb_LE2-1301.018_ETos_daily.nc

Opening: BSSP370smbb_LE2-1301.019_ETos_daily.nc
293 235 slice(24, 52, None)
((18404,), (25, 5), (25, 22))
((18404,), (25, 5), (25, 22))
Closed data for BSSP370smbb_LE2-1301.019_ETos_daily.nc

Opening: BSSP370smbb_LE2-1301.020_ETos_daily.nc
293 235 slice(24, 52, None)
((18404,), (25, 5), (25, 22))
((18404,), (25, 5), (25, 22))
Closed data for BSSP370smbb_LE2-1301.020_ETos_daily.nc

